                        <h1 id="chapter-1"><a class="header" href="#chapter-1">Chapter 1</a></h1>
<div class="admonition abstract">
<div class="admonition-title">
<p>
<p>What is this?</p>
</p>
</div>
<div>
<p>
<p>This book acts as an integration test for <code>mdbook-admonish</code>.</p>
<p>It verifies that <code>mdbook</code> post-processes our generated HTML in the way we expect.</p>
</p>
</div>
</div>

